I exist, because otherwise git commit and push won't work
